###############################################################################
#
# IAR ELF Linker V8.20.1.14183/W32 for ARM                15/Jan/2020  16:13:22
# Copyright 2007-2017 IAR Systems AB.
#
#    Output file  =  
#        D:\15th.NXP\15th.NXP-Software\OLED_Program\Prj\IAR\Debug\Exe\fire_demo.out
#    Map file     =  
#        D:\15th.NXP\15th.NXP-Software\OLED_Program\Prj\IAR\Debug\List\fire_demo.map
#    Command line =  
#        -f C:\Users\lkk87\AppData\Local\Temp\EW1958.tmp
#        (D:\15th.NXP\15th.NXP-Software\OLED_Program\Prj\IAR\Debug\Obj\Control.o
#        D:\15th.NXP\15th.NXP-Software\OLED_Program\Prj\IAR\Debug\Obj\main.o
#        D:\15th.NXP\15th.NXP-Software\OLED_Program\Prj\IAR\Debug\Obj\misc.o
#        D:\15th.NXP\15th.NXP-Software\OLED_Program\Prj\IAR\Debug\Obj\MK60_adc.o
#        D:\15th.NXP\15th.NXP-Software\OLED_Program\Prj\IAR\Debug\Obj\MK60_conf.o
#        D:\15th.NXP\15th.NXP-Software\OLED_Program\Prj\IAR\Debug\Obj\MK60_dac.o
#        D:\15th.NXP\15th.NXP-Software\OLED_Program\Prj\IAR\Debug\Obj\MK60_dma.o
#        D:\15th.NXP\15th.NXP-Software\OLED_Program\Prj\IAR\Debug\Obj\MK60_DWT.o
#        D:\15th.NXP\15th.NXP-Software\OLED_Program\Prj\IAR\Debug\Obj\MK60_flash.o
#        D:\15th.NXP\15th.NXP-Software\OLED_Program\Prj\IAR\Debug\Obj\MK60_ftm.o
#        D:\15th.NXP\15th.NXP-Software\OLED_Program\Prj\IAR\Debug\Obj\MK60_gpio.o
#        D:\15th.NXP\15th.NXP-Software\OLED_Program\Prj\IAR\Debug\Obj\MK60_i2c.o
#        D:\15th.NXP\15th.NXP-Software\OLED_Program\Prj\IAR\Debug\Obj\MK60_it.o
#        D:\15th.NXP\15th.NXP-Software\OLED_Program\Prj\IAR\Debug\Obj\MK60_lptmr.o
#        D:\15th.NXP\15th.NXP-Software\OLED_Program\Prj\IAR\Debug\Obj\MK60_mcg.o
#        D:\15th.NXP\15th.NXP-Software\OLED_Program\Prj\IAR\Debug\Obj\MK60_PIT.o
#        D:\15th.NXP\15th.NXP-Software\OLED_Program\Prj\IAR\Debug\Obj\MK60_port.o
#        D:\15th.NXP\15th.NXP-Software\OLED_Program\Prj\IAR\Debug\Obj\MK60_rtc.o
#        D:\15th.NXP\15th.NXP-Software\OLED_Program\Prj\IAR\Debug\Obj\MK60_spi.o
#        D:\15th.NXP\15th.NXP-Software\OLED_Program\Prj\IAR\Debug\Obj\MK60_SysTick.o
#        D:\15th.NXP\15th.NXP-Software\OLED_Program\Prj\IAR\Debug\Obj\MK60_uart.o
#        D:\15th.NXP\15th.NXP-Software\OLED_Program\Prj\IAR\Debug\Obj\MK60_wdog.o
#        D:\15th.NXP\15th.NXP-Software\OLED_Program\Prj\IAR\Debug\Obj\mpuiic.o
#        D:\15th.NXP\15th.NXP-Software\OLED_Program\Prj\IAR\Debug\Obj\OLED.o
#        D:\15th.NXP\15th.NXP-Software\OLED_Program\Prj\IAR\Debug\Obj\PID.o
#        D:\15th.NXP\15th.NXP-Software\OLED_Program\Prj\IAR\Debug\Obj\startup_MK60DZ10.o
#        D:\15th.NXP\15th.NXP-Software\OLED_Program\Prj\IAR\Debug\Obj\supersonic_wave.o
#        D:\15th.NXP\15th.NXP-Software\OLED_Program\Prj\IAR\Debug\Obj\System.o
#        D:\15th.NXP\15th.NXP-Software\OLED_Program\Prj\IAR\Debug\Obj\system_MK60DZ10.o
#        D:\15th.NXP\15th.NXP-Software\OLED_Program\Prj\IAR\Debug\Obj\VCAN_camera.o
#        D:\15th.NXP\15th.NXP-Software\OLED_Program\Prj\IAR\Debug\Obj\VCAN_key.o
#        D:\15th.NXP\15th.NXP-Software\OLED_Program\Prj\IAR\Debug\Obj\VCAN_LED.o
#        D:\15th.NXP\15th.NXP-Software\OLED_Program\Prj\IAR\Debug\Obj\VCAN_MMA7455.o
#        D:\15th.NXP\15th.NXP-Software\OLED_Program\Prj\IAR\Debug\Obj\VCAN_NRF24L0.o
#        D:\15th.NXP\15th.NXP-Software\OLED_Program\Prj\IAR\Debug\Obj\VCAN_OV7725_Eagle.o
#        D:\15th.NXP\15th.NXP-Software\OLED_Program\Prj\IAR\Debug\Obj\VCAN_RTC_count.o
#        D:\15th.NXP\15th.NXP-Software\OLED_Program\Prj\IAR\Debug\Obj\VCAN_SCCB.o
#        D:\15th.NXP\15th.NXP-Software\OLED_Program\Prj\IAR\Debug\Obj\vectors.o
#        -o
#        D:\15th.NXP\15th.NXP-Software\OLED_Program\Prj\IAR\Debug\Exe\fire_demo.out
#        --map
#        D:\15th.NXP\15th.NXP-Software\OLED_Program\Prj\IAR\Debug\List\fire_demo.map
#        --config "D:\15th.NXP\15th.NXP-Software\OLED_Program\Prj\IAR\config
#        files\vcan_ROM_K60N512.icf" --semihosting
#        D:\15th.NXP\15th.NXP-Software\OLED_Program\Lib\CMSIS\iar_cortexM4l_math.a
#        --entry __iar_program_start --vfe --text_out locale)
#
###############################################################################

*******************************************************************************
*** MESSAGES
***

Warning[Lt009]: Inconsistent wchar_t size
            MK60_spi.o and 1 other objects have wchar_t size 16 bits
            Control.o and 57 other objects, some of them in dl7M_tlf.a and 11
                      other libraries have wchar_t size 32 bits


*******************************************************************************
*** RUNTIME MODEL ATTRIBUTES
***

CppFlavor       = *
__SystemLibrary = DLib
__dlib_version  = 6


*******************************************************************************
*** HEAP SELECTION
***

The basic heap was selected because no calls to memory allocation
functions were found in the application outside of system library
functions, and there are calls to deallocation functions in the
application.


*******************************************************************************
*** PLACEMENT SUMMARY
***

"A0":  place at 0x00000000 { ro section .intvec };
"A1":  place at 0x00000410 { ro section .noinit };
define block CodeRelocate { section .textrw_init };
"P1":  place in [from 0x00000000 to 0x00080000] { ro, block CodeRelocate };
define block CodeRelocateRam { section .textrw };
define block CSTACK with size = 4K, alignment = 8 { };
define block HEAP with size = 2K, alignment = 8 { };
"P2":  place in [from 0x1fff0410 to 0x20010000] {
          rw, block CodeRelocateRam, block CSTACK, block HEAP };
initialize manually with packing = copy, complex ranges { section .data };
initialize manually with packing = copy, complex ranges { section .textrw };

  Section              Kind        Address    Size  Object
  -------              ----        -------    ----  ------
"A0":                                        0x410
  .intvec              const    0x00000000   0x410  vectors.o [1]
                              - 0x00000410   0x410

"A1":                                          0x8
  .noinit              ro code  0x00000410     0x8  startup_MK60DZ10.o [1]
                              - 0x00000418     0x8

"P1":                                       0x4b58
  .text                ro code  0x00000418   0xf40  OLED.o [1]
  .text                ro code  0x00001358   0x1c0  MK60_gpio.o [1]
  .text                ro code  0x00001518    0xbc  MK60_port.o [1]
  .text                ro code  0x000015d4    0x2a  FltToS32.o [4]
  .text                ro code  0x00001600    0xc0  MK60_PIT.o [1]
  .text                ro code  0x000016c0    0xe2  FltAdd.o [4]
  Veneer               ro code  0x000017a4     0x8  - Linker created -
  Veneer               ro code  0x000017ac     0x8  - Linker created -
  .text                ro code  0x000017b4   0x178  MK60_conf.o [1]
  .text                ro code  0x0000192c    0x74  FltSub.o [4]
  .text                ro code  0x000019a0    0x50  VCAN_LED.o [1]
  .text                ro code  0x000019f0    0x28  printf.o [3]
  .text                ro code  0x00001a18   0x238  MK60_uart.o [1]
  .text                ro code  0x00001c50    0xa8  VCAN_key.o [1]
  .text                ro code  0x00001cf8   0xde2  xprintffull_nomb.o [3]
  .text                ro code  0x00002adc    0x16  strchr.o [5]
  .text                ro code  0x00002af4    0x44  xfail_s.o [3]
  .text                ro code  0x00002b38    0x36  strlen.o [5]
  .text                ro code  0x00002b70    0x58  memchr.o [5]
  .text                ro code  0x00002bc8   0x22e  I64DivMod.o [5]
  .text                ro code  0x00002df8   0x1a2  DblMul.o [4]
  .text                ro code  0x00002f9c    0xa6  ABImemcpy.o [5]
  .text                ro code  0x00003044    0x70  frexp.o [4]
  .text                ro code  0x000030b4    0x2e  DblCmpLe.o [4]
  .text                ro code  0x000030e4    0x2e  DblCmpGe.o [4]
  .text                ro code  0x00003114   0x13a  ldexp.o [4]
  .text                ro code  0x00003250    0x3a  DblToS32.o [4]
  .text                ro code  0x0000328c    0x22  S32ToDbl.o [4]
  .text                ro code  0x000032b0    0xe2  DblSub.o [4]
  .text                ro code  0x00003394   0x246  DblDiv.o [4]
  .text                ro code  0x000035dc    0x28  DblToU32.o [4]
  .text                ro code  0x00003604    0x1a  U32ToDbl.o [4]
  .text                ro code  0x00003620     0xc  xlocale_c.o [3]
  .text                ro code  0x0000362c     0x6  abort.o [3]
  .text                ro code  0x00003634     0x2  I64DivZer.o [5]
  .text                ro code  0x00003638   0x168  DblAdd.o [4]
  .text                ro code  0x000037a0    0x14  exit.o [6]
  .data_init                    0x000037b4   0xccc  <Block>
    Initializer bytes  const    0x000037b4   0xccc  <for .data-1>
  Veneer               ro code  0x00004480     0x8  - Linker created -
  .text                ro code  0x00004488   0x3d8  MK60_mcg.o [1]
  CodeRelocate                  0x00004860   0x1b4  <Block>
    Initializer bytes  const    0x00004860   0x1b4  <for CodeRelocateRam-1>
  .text                ro code  0x00004a14   0x118  system_MK60DZ10.o [1]
  .text                ro code  0x00004b2c    0x40  MK60_wdog.o [1]
  .text                ro code  0x00004b6c    0x18  main.o [1]
  .text                ro code  0x00004b84    0x2c  misc.o [1]
  .text                ro code  0x00004bb0    0xac  System.o [1]
  .text                ro code  0x00004c5c    0x44  PID.o [1]
  .rodata              const    0x00004ca0    0x44  MK60_flash.o [1]
  .rodata              const    0x00004ce4    0x40  MK60_gpio.o [1]
  .rodata              const    0x00004d24    0x40  MK60_PIT.o [1]
  .rodata              const    0x00004d64    0x40  MK60_uart.o [1]
  .text                ro code  0x00004da4    0x40  zero_init3.o [5]
  .rodata              const    0x00004de4    0x3c  misc.o [1]
  .rodata              const    0x00004e20    0x3c  MK60_conf.o [1]
  .text                ro code  0x00004e5c    0x28  data_init.o [5]
  .rodata              const    0x00004e84    0x24  MK60_conf.o [1]
  .iar.init_table      const    0x00004ea8    0x10  - Linker created -
  .rodata              const    0x00004eb8    0x20  MK60_conf.o [1]
  .text                ro code  0x00004ed8    0x1e  cmain.o [5]
  .text                ro code  0x00004ef6     0x4  low_level_init.o [3]
  .text                ro code  0x00004efa     0x4  exit.o [3]
  .text                ro code  0x00004f00     0xa  cexit.o [5]
  .rodata              const    0x00004f0c    0x1c  OLED.o [1]
  .text                ro code  0x00004f28    0x16  xprout.o [3]
  .text                ro code  0x00004f40     0xc  putchar.o [3]
  .rodata              const    0x00004f4c    0x14  MK60_conf.o [1]
  .text                ro code  0x00004f60     0xc  cstartup_M.o [5]
  .rodata              const    0x00004f6c     0x4  xlocale_c.o [3]
  .rodata              const    0x00004f70     0x0  zero_init3.o [5]
                              - 0x00004f70  0x4b58

"P2", part 1 of 2:                           0xe80
  .data                         0x1fff0410   0xccc  <Block>
    .data-1                     0x1fff0410   0xccc  <Init block>
      .data            inited   0x1fff0410   0x708  MK60_conf.o [1]
      .data            inited   0x1fff0b18    0x14  MK60_gpio.o [1]
      .data            inited   0x1fff0b2c    0x44  MK60_mcg.o [1]
      .data            inited   0x1fff0b70     0x4  MK60_mcg.o [1]
      .data            inited   0x1fff0b74    0x14  MK60_port.o [1]
      .data            inited   0x1fff0b88    0x18  MK60_uart.o [1]
      .data            inited   0x1fff0ba0    0xb0  OLED.o [1]
      .data            inited   0x1fff0c50   0x400  OLED.o [1]
      .data            inited   0x1fff1050     0x8  VCAN_key.o [1]
      .data            inited   0x1fff1058     0x4  VCAN_LED.o [1]
      .data            inited   0x1fff105c    0x48  xfiles.o [3]
      .data            inited   0x1fff10a4    0x38  xlocale_c.o [3]
  CodeRelocateRam               0x1fff10dc   0x1b4  <Block>
    CodeRelocateRam-1           0x1fff10dc   0x1b4  <Init block>
      Veneer           inited   0x1fff10dc     0x8  - Linker created -
      .textrw          inited   0x1fff10e4   0x160  MK60_flash.o [1]
      .textrw          inited   0x1fff1244    0x4c  MK60_mcg.o [1]
                              - 0x1fff1290   0xe80

"P2", part 2 of 2:                            0x84
  .bss                          0x1fff1290    0x84  <Block>
    .bss               zero     0x1fff1290     0x8  OLED.o [1]
    .bss               zero     0x1fff1298     0x4  OLED.o [1]
    .bss               zero     0x1fff129c     0xc  PID.o [1]
    .bss               zero     0x1fff12a8     0xc  PID.o [1]
    .bss               zero     0x1fff12b4     0x4  system_MK60DZ10.o [1]
    .bss               zero     0x1fff12b8     0x4  system_MK60DZ10.o [1]
    .bss               zero     0x1fff12bc     0x4  system_MK60DZ10.o [1]
    .bss               zero     0x1fff12c0    0x50  xfiles.o [3]
    .bss               zero     0x1fff1310     0x4  xfail_s.o [3]
                              - 0x1fff1314    0x84


*******************************************************************************
*** INIT TABLE
***

          Address     Size
          -------     ----
Zero (__iar_zero_init3)
    1 destination range, total size 0x84:
          0x1fff1290  0x84



*******************************************************************************
*** MODULE SUMMARY
***

    Module              ro code  rw code  ro data  rw data
    ------              -------  -------  -------  -------
D:\15th.NXP\15th.NXP-Software\OLED_Program\Prj\IAR\Debug\Obj: [1]
    MK60_PIT.o              192                64
    MK60_conf.o             376             1 948    1 800
    MK60_flash.o                     352      420
    MK60_gpio.o             448                84       20
    MK60_mcg.o              984       76      148       72
    MK60_port.o             188                20       20
    MK60_uart.o             568                88       24
    MK60_wdog.o              64
    OLED.o                3 904             1 228    1 212
    PID.o                    68                         24
    System.o                172
    VCAN_LED.o               80                 4        4
    VCAN_key.o              168                 8        8
    main.o                   24
    misc.o                   44                60
    startup_MK60DZ10.o        8
    system_MK60DZ10.o       280                         12
    vectors.o                               1 040
    ------------------------------------------------------
    Total:                7 568      428    5 112    3 196

command line: [2]
    ------------------------------------------------------
    Total:

dl7M_tlf.a: [3]
    abort.o                   6
    exit.o                    4
    low_level_init.o          4
    printf.o                 40
    putchar.o                12
    xfail_s.o                68                          4
    xfiles.o                                   72      152
    xlocale_c.o              12                60       56
    xprintffull_nomb.o    3 554
    xprout.o                 22
    ------------------------------------------------------
    Total:                3 722               132      212

m7M_tl.a: [4]
    DblAdd.o                360
    DblCmpGe.o               46
    DblCmpLe.o               46
    DblDiv.o                582
    DblMul.o                418
    DblSub.o                226
    DblToS32.o               58
    DblToU32.o               40
    FltAdd.o                226
    FltSub.o                116
    FltToS32.o               42
    S32ToDbl.o               34
    U32ToDbl.o               26
    frexp.o                 112
    ldexp.o                 314
    ------------------------------------------------------
    Total:                2 646

rt7M_tl.a: [5]
    ABImemcpy.o             166
    I64DivMod.o             558
    I64DivZer.o               2
    cexit.o                  10
    cmain.o                  30
    cstartup_M.o             12
    data_init.o              40
    memchr.o                 88
    strchr.o                 22
    strlen.o                 54
    zero_init3.o             64
    ------------------------------------------------------
    Total:                1 046

shb_l.a: [6]
    exit.o                   20
    ------------------------------------------------------
    Total:                   20

    Gaps                     40                 2
    Linker created           24        8       24
----------------------------------------------------------
    Grand Total:         15 066      436    5 270    3 408


*******************************************************************************
*** ENTRY LIST
***

Entry                      Address   Size  Type      Object
-----                      -------   ----  ----      ------
.bss$$Base              0x1fff1290          --   Gb  - Linker created -
.bss$$Limit             0x1fff1314          --   Gb  - Linker created -
.data$$Base             0x1fff0410          --   Gb  - Linker created -
.data$$Limit            0x1fff10dc          --   Gb  - Linker created -
.data_init$$Base        0x000037b4          --   Gb  - Linker created -
.data_init$$Limit       0x00004480          --   Gb  - Linker created -
.iar.init_table$$Base   0x00004ea8          --   Gb  - Linker created -
.iar.init_table$$Limit  0x00004eb8          --   Gb  - Linker created -
?main                   0x00004ed9         Code  Gb  cmain.o [5]
ASSERT_FAILED_STR       0x00004e84   0x24  Data  Gb  MK60_conf.o [1]
All_Init                0x00004bb1   0xa4  Code  Gb  System.o [1]
Change_PID              0x0000097b  0x360  Code  Gb  OLED.o [1]
Change_PID_Exit         0x00000cdb   0xfa  Code  Gb  OLED.o [1]
Change_PID_Init         0x00000881   0xfa  Code  Gb  OLED.o [1]
Choice_PID              0x00000dd5  0x3f0  Code  Gb  OLED.o [1]
Choice_PID_Exit         0x000011c5   0x66  Code  Gb  OLED.o [1]
CodeRelocate$$Base      0x00004860          --   Gb  - Linker created -
CodeRelocate$$Limit     0x00004a14          --   Gb  - Linker created -
CodeRelocateRam$$Base   0x1fff10dc          --   Gb  - Linker created -
CodeRelocateRam$$Limit  0x1fff1290          --   Gb  - Linker created -
Column_set              0x000005cb   0x1e  Code  Gb  OLED.o [1]
Debue_Key               0x0000122b  0x108  Code  Gb  OLED.o [1]
Debug_OLED_Printf       0x00000755   0x60  Code  Gb  OLED.o [1]
Debug_display_init      0x000007fd   0x84  Code  Gb  OLED.o [1]
Debug_setPlace          0x000007b5   0x48  Code  Gb  OLED.o [1]
GPIOX                   0x1fff0b18   0x14  Data  Gb  MK60_gpio.o [1]
KEY_PTxn                0x1fff1050    0x8  Data  Gb  VCAN_key.o [1]
LED_PTxn                0x1fff1058    0x4  Data  Gb  VCAN_LED.o [1]
LEVEL                   0x1fff1298    0x4  Data  Gb  OLED.o [1]
LoadInt                 0x00001e93   0x7a  Code  Lc  xprintffull_nomb.o [3]
NVIC_SystemReset        0x000017b5   0x1a  Code  Lc  MK60_conf.o [1]
OLED_IIC_init           0x00000419   0x28  Code  Gb  OLED.o [1]
OLED_IIC_start          0x0000052f   0x3c  Code  Gb  OLED.o [1]
OLED_IIC_stop           0x0000056b   0x28  Code  Gb  OLED.o [1]
OLED_IIC_write          0x000004af   0x80  Code  Gb  OLED.o [1]
OLED_Printf             0x000006af   0x60  Code  Gb  OLED.o [1]
OLED_clear              0x000005f9   0x32  Code  Gb  OLED.o [1]
OLED_delay_ms           0x00000495   0x1a  Code  Gb  OLED.o [1]
OLED_delay_us           0x00000441   0x54  Code  Gb  OLED.o [1]
OLED_full               0x0000062b   0x32  Code  Gb  OLED.o [1]
OLED_init               0x0000065d   0x1c  Code  Gb  OLED.o [1]
OLED_init_cmd           0x00004f0c   0x1c  Data  Gb  OLED.o [1]
OLED_send_cmd           0x00000593   0x1c  Code  Gb  OLED.o [1]
OLED_send_data          0x000005af   0x1c  Code  Gb  OLED.o [1]
PID_DataInit            0x00004c5d   0x2a  Code  Gb  PID.o [1]
PORTX                   0x1fff0b74   0x14  Data  Gb  MK60_port.o [1]
Page_set                0x000005e9   0x10  Code  Gb  OLED.o [1]
Picture_display         0x00000679   0x36  Code  Gb  OLED.o [1]
Printf                  0x1fff0c50  0x400  Data  Gb  OLED.o [1]
Region$$Table$$Base     0x00004ea8          --   Gb  - Linker created -
Region$$Table$$Limit    0x00004eb8          --   Gb  - Linker created -
Reset_Handler           0x00000411         Code  Gb  startup_MK60DZ10.o [1]
Speed_PID               0x1fff129c    0xc  Data  Gb  PID.o [1]
Turn_PID                0x1fff12a8    0xc  Data  Gb  PID.o [1]
UARTN                   0x1fff0b88   0x18  Data  Gb  MK60_uart.o [1]
_GenldFullNoMb          0x000027ff  0x250  Code  Lc  xprintffull_nomb.o [3]
_LdtobFullNoMb          0x000023d5  0x3fe  Code  Lc  xprintffull_nomb.o [3]
_LitobFullNoMb          0x0000227d  0x112  Code  Lc  xprintffull_nomb.o [3]
_Locale_lconv           0x1fff10a4   0x38  Data  Lc  xlocale_c.o [3]
_PrintfFullNoMb         0x00001cf9  0x18c  Code  Gb  xprintffull_nomb.o [3]
_Prout                  0x00004f29   0x16  Code  Gb  xprout.o [3]
_PutcharsFullNoMb       0x00002a4f   0x2e  Code  Lc  xprintffull_nomb.o [3]
_PutfldFullNoMb         0x00001f0d  0x264  Code  Lc  xprintffull_nomb.o [3]
_PuttxtFullNoMb         0x00002171  0x10c  Code  Lc  xprintffull_nomb.o [3]
__BOOT_STACK_ADDRESS {Abs}
                        0x2000fff8         Data  Gb  command line/config [2]
__VECTOR_RAM {Abs}      0x1fff0000         Data  Gb  command line/config [2]
__VECTOR_TABLE {Abs}    0x00000000         Data  Gb  command line/config [2]
__aeabi_cdcmple         0x000030b5         Code  Gb  DblCmpLe.o [4]
__aeabi_cdrcmple        0x000030e5         Code  Gb  DblCmpGe.o [4]
__aeabi_d2iz            0x00003251         Code  Gb  DblToS32.o [4]
__aeabi_d2uiz           0x000035dd         Code  Gb  DblToU32.o [4]
__aeabi_ddiv            0x00003395         Code  Gb  DblDiv.o [4]
__aeabi_dmul            0x00002df9         Code  Gb  DblMul.o [4]
__aeabi_dsub            0x000032b1         Code  Gb  DblSub.o [4]
__aeabi_f2iz            0x000015d5         Code  Gb  FltToS32.o [4]
__aeabi_fadd            0x000016c1         Code  Gb  FltAdd.o [4]
__aeabi_i2d             0x0000328d         Code  Gb  S32ToDbl.o [4]
__aeabi_ldiv0           0x00003635         Code  Gb  I64DivZer.o [5]
__aeabi_memcpy          0x00002f9d         Code  Gb  ABImemcpy.o [5]
__aeabi_memcpy4         0x00002fbd         Code  Gb  ABImemcpy.o [5]
__aeabi_memcpy8         0x00002fbd         Code  Gb  ABImemcpy.o [5]
__aeabi_ui2d            0x00003605         Code  Gb  U32ToDbl.o [4]
__aeabi_uldivmod        0x00002bc9         Code  Gb  I64DivMod.o [5]
__cmain                 0x00004ed9         Code  Gb  cmain.o [5]
__code_start__ {Abs}    0x00000410         Data  Gb  command line/config [2]
__exit                  0x000037a1   0x14  Code  Gb  exit.o [6]
__iar_Fail_s            0x00002af5   0x1e  Code  Gb  xfail_s.o [3]
__iar_Memchr            0x00002b71         Code  Gb  memchr.o [5]
__iar_Stdout            0x1fff105c   0x48  Data  Gb  xfiles.o [3]
__iar_Strchr            0x00002add         Code  Gb  strchr.o [5]
__iar_dadd              0x000032c1         Code  Gb  DblSub.o [4]
__iar_data_init3        0x00004e5d   0x28  Code  Gb  data_init.o [5]
__iar_dsub              0x00003639         Code  Gb  DblAdd.o [4]
__iar_dsubStart         0x0000364b         Code  Gb  DblAdd.o [4]
__iar_fadd              0x0000192d         Code  Gb  FltSub.o [4]
__iar_frexp             0x00003051         Code  Gb  frexp.o [4]
__iar_frexp64           0x00003045         Code  Gb  frexp.o [4]
__iar_frexpl            0x00003051         Code  Gb  frexp.o [4]
__iar_fsub              0x000016cd         Code  Gb  FltAdd.o [4]
__iar_fsubStart         0x000016dd         Code  Gb  FltAdd.o [4]
__iar_ldexp64           0x00003115         Code  Gb  ldexp.o [4]
__iar_program_start     0x00004f61         Code  Gb  cstartup_M.o [5]
__iar_scalbln64         0x00003115         Code  Gb  ldexp.o [4]
__iar_scalbn64          0x00003115         Code  Gb  ldexp.o [4]
__iar_systems$$module {Abs}
                        0x00000001         Data  Gb  command line/config [2]
__iar_zero_init3        0x00004da5   0x40  Code  Gb  zero_init3.o [5]
__low_level_init        0x00004ef7    0x4  Code  Gb  low_level_init.o [3]
__vector_table          0x00000000  0x410  Data  Gb  vectors.o [1]
_call_main              0x00004ee5         Code  Gb  cmain.o [5]
_exit                   0x00004f01         Code  Gb  cexit.o [5]
_main                   0x00004ef3         Code  Gb  cmain.o [5]
abort                   0x0000362d    0x6  Code  Gb  abort.o [3]
assert_failed           0x000017cf   0x2e  Code  Gb  MK60_conf.o [1]
bus_clk_khz             0x1fff12bc    0x4  Data  Gb  system_MK60DZ10.o [1]
common_startup          0x00004a69   0x8a  Code  Gb  system_MK60DZ10.o [1]
core_clk_khz            0x1fff12b4    0x4  Data  Gb  system_MK60DZ10.o [1]
core_clk_mhz            0x1fff12b8    0x4  Data  Gb  system_MK60DZ10.o [1]
default_isr             0x000018cb   0x3c  Code  Gb  MK60_conf.o [1]
exit                    0x00004efb    0x4  Code  Gb  exit.o [3]
flash_cmd               0x1fff10e5   0x20  Code  Gb  MK60_flash.o [1]
flash_erase_sector      0x1fff112d   0x56  Code  Gb  MK60_flash.o [1]
flash_init              0x1fff1105   0x28  Code  Gb  MK60_flash.o [1]
flash_write             0x1fff1183   0x90  Code  Gb  MK60_flash.o [1]
fputc                   0x000017fd   0x14  Code  Gb  MK60_conf.o [1]
frexp                   0x00003045         Code  Gb  frexp.o [4]
frexpl                  0x00003045         Code  Gb  frexp.o [4]
gpio_get                0x000014cf   0x3e  Code  Gb  MK60_gpio.o [1]
gpio_init               0x00001359   0xbe  Code  Gb  MK60_gpio.o [1]
gpio_set                0x00001417   0x7c  Code  Gb  MK60_gpio.o [1]
gpio_turn               0x00001493   0x3c  Code  Gb  MK60_gpio.o [1]
key_check               0x00001cbd   0x32  Code  Gb  VCAN_key.o [1]
key_get                 0x00001ca3   0x1a  Code  Gb  VCAN_key.o [1]
key_init                0x00001c51   0x52  Code  Gb  VCAN_key.o [1]
ldexp                   0x00003115         Code  Gb  ldexp.o [4]
ldexpl                  0x00003115         Code  Gb  ldexp.o [4]
led_init                0x000019a1   0x3a  Code  Gb  VCAN_LED.o [1]
led_turn                0x000019db   0x10  Code  Gb  VCAN_LED.o [1]
localeconv              0x00003621    0x4  Code  Gb  xlocale_c.o [3]
main                    0x00004b6d   0x18  Code  Gb  main.o [1]
mcg_cfg                 0x1fff0b2c   0x44  Data  Gb  MK60_mcg.o [1]
mcg_div                 0x1fff0b70    0x4  Data  Gb  MK60_mcg.o [1]
mcg_div_count           0x00004489  0x30a  Code  Gb  MK60_mcg.o [1]
memchr                  0x00002b71         Code  Gb  memchr.o [5]
move                    0x1fff1290    0x8  Data  Gb  OLED.o [1]
number                  0x1fff0ba0   0xb0  Data  Gb  OLED.o [1]
obuf                    0x1fff12c0   0x50  Data  Lc  xfiles.o [3]
pit_delay               0x00001601   0xb0  Code  Gb  MK60_PIT.o [1]
pll_init                0x00004793   0xb2  Code  Gb  MK60_mcg.o [1]
port_init               0x00001519   0x4a  Code  Gb  MK60_port.o [1]
port_init_NoALT         0x00001563   0x6a  Code  Gb  MK60_port.o [1]
printf                  0x000019f1   0x28  Code  Gb  printf.o [3]
putchar                 0x00004f41    0xc  Code  Gb  putchar.o [3]
scalbln                 0x00003115         Code  Gb  ldexp.o [4]
scalblnl                0x00003115         Code  Gb  ldexp.o [4]
scalbn                  0x00003115         Code  Gb  ldexp.o [4]
scalbnl                 0x00003115         Code  Gb  ldexp.o [4]
scale                   0x0000238f   0x46  Code  Lc  xprintffull_nomb.o [3]
sec_hand                0x1fff1310    0x4  Data  Lc  xfail_s.o [3]
setPlace                0x0000070f   0x46  Code  Gb  OLED.o [1]
set_sys_dividers        0x1fff1245   0x4c  Code  Gb  MK60_mcg.o [1]
start                   0x00004a15   0x18  Code  Gb  system_MK60DZ10.o [1]
start_check             0x00001811   0xba  Code  Gb  MK60_conf.o [1]
strchr                  0x00002add         Code  Gb  strchr.o [5]
strlen                  0x00002b39         Code  Gb  strlen.o [5]
sysinit                 0x00004a2d   0x3c  Code  Gb  system_MK60DZ10.o [1]
uart_init               0x00001a19  0x206  Code  Gb  MK60_uart.o [1]
uart_putchar            0x00001c1f   0x1a  Code  Gb  MK60_uart.o [1]
vector_str              0x1fff0410  0x708  Data  Gb  MK60_conf.o [1]
wdog_disable            0x00004b2d   0x16  Code  Gb  MK60_wdog.o [1]
wdog_unlock             0x00004b43   0x20  Code  Lc  MK60_wdog.o [1]
write_vtor              0x00004b85   0x22  Code  Gb  misc.o [1]


[1] = D:\15th.NXP\15th.NXP-Software\OLED_Program\Prj\IAR\Debug\Obj
[2] = command line
[3] = dl7M_tlf.a
[4] = m7M_tl.a
[5] = rt7M_tl.a
[6] = shb_l.a

  15 066 bytes of readonly  code memory
     436 bytes of readwrite code memory
   5 270 bytes of readonly  data memory
   3 408 bytes of readwrite data memory

Errors: none
Warnings: 1
