###############################################################################
#
# IAR ELF Linker V8.20.1.14183/W32 for ARM                07/Dec/2019  12:09:02
# Copyright 2007-2017 IAR Systems AB.
#
#    Output file  =  
#        D:\学校事务\大创项目\Program\Prj\IAR\Debug\Exe\fire_demo.out
#    Map file     =  
#        D:\学校事务\大创项目\Program\Prj\IAR\Debug\List\fire_demo.map
#    Command line =  
#        -f C:\Users\lkk87\AppData\Local\Temp\EW6C57.tmp
#        (D:\学校事务\大创项目\Program\Prj\IAR\Debug\Obj\Control.o
#        D:\学校事务\大创项目\Program\Prj\IAR\Debug\Obj\main.o
#        D:\学校事务\大创项目\Program\Prj\IAR\Debug\Obj\misc.o
#        D:\学校事务\大创项目\Program\Prj\IAR\Debug\Obj\MK60_adc.o
#        D:\学校事务\大创项目\Program\Prj\IAR\Debug\Obj\MK60_conf.o
#        D:\学校事务\大创项目\Program\Prj\IAR\Debug\Obj\MK60_dac.o
#        D:\学校事务\大创项目\Program\Prj\IAR\Debug\Obj\MK60_dma.o
#        D:\学校事务\大创项目\Program\Prj\IAR\Debug\Obj\MK60_DWT.o
#        D:\学校事务\大创项目\Program\Prj\IAR\Debug\Obj\MK60_flash.o
#        D:\学校事务\大创项目\Program\Prj\IAR\Debug\Obj\MK60_ftm.o
#        D:\学校事务\大创项目\Program\Prj\IAR\Debug\Obj\MK60_gpio.o
#        D:\学校事务\大创项目\Program\Prj\IAR\Debug\Obj\MK60_i2c.o
#        D:\学校事务\大创项目\Program\Prj\IAR\Debug\Obj\MK60_it.o
#        D:\学校事务\大创项目\Program\Prj\IAR\Debug\Obj\MK60_lptmr.o
#        D:\学校事务\大创项目\Program\Prj\IAR\Debug\Obj\MK60_mcg.o
#        D:\学校事务\大创项目\Program\Prj\IAR\Debug\Obj\MK60_PIT.o
#        D:\学校事务\大创项目\Program\Prj\IAR\Debug\Obj\MK60_port.o
#        D:\学校事务\大创项目\Program\Prj\IAR\Debug\Obj\MK60_rtc.o
#        D:\学校事务\大创项目\Program\Prj\IAR\Debug\Obj\MK60_spi.o
#        D:\学校事务\大创项目\Program\Prj\IAR\Debug\Obj\MK60_SysTick.o
#        D:\学校事务\大创项目\Program\Prj\IAR\Debug\Obj\MK60_uart.o
#        D:\学校事务\大创项目\Program\Prj\IAR\Debug\Obj\MK60_wdog.o
#        D:\学校事务\大创项目\Program\Prj\IAR\Debug\Obj\PID.o
#        D:\学校事务\大创项目\Program\Prj\IAR\Debug\Obj\startup_MK60DZ10.o
#        D:\学校事务\大创项目\Program\Prj\IAR\Debug\Obj\supersonic_wave.o
#        D:\学校事务\大创项目\Program\Prj\IAR\Debug\Obj\Sweep.o
#        D:\学校事务\大创项目\Program\Prj\IAR\Debug\Obj\System.o
#        D:\学校事务\大创项目\Program\Prj\IAR\Debug\Obj\system_MK60DZ10.o
#        D:\学校事务\大创项目\Program\Prj\IAR\Debug\Obj\VCAN_camera.o
#        D:\学校事务\大创项目\Program\Prj\IAR\Debug\Obj\VCAN_key.o
#        D:\学校事务\大创项目\Program\Prj\IAR\Debug\Obj\VCAN_LED.o
#        D:\学校事务\大创项目\Program\Prj\IAR\Debug\Obj\VCAN_MMA7455.o
#        D:\学校事务\大创项目\Program\Prj\IAR\Debug\Obj\VCAN_NRF24L0.o
#        D:\学校事务\大创项目\Program\Prj\IAR\Debug\Obj\VCAN_OV7725_Eagle.o
#        D:\学校事务\大创项目\Program\Prj\IAR\Debug\Obj\VCAN_RTC_count.o
#        D:\学校事务\大创项目\Program\Prj\IAR\Debug\Obj\VCAN_SCCB.o
#        D:\学校事务\大创项目\Program\Prj\IAR\Debug\Obj\vectors.o -o
#        D:\学校事务\大创项目\Program\Prj\IAR\Debug\Exe\fire_demo.out
#        --map
#        D:\学校事务\大创项目\Program\Prj\IAR\Debug\List\fire_demo.map
#        --config "D:\学校事务\大创项目\Program\Prj\IAR\config
#        files\vcan_ROM_K60N512.icf" --semihosting
#        D:\学校事务\大创项目\Program\Lib\CMSIS\iar_cortexM4l_math.a
#        --entry __iar_program_start --vfe --text_out locale)
#
###############################################################################

*******************************************************************************
*** MESSAGES
***

Warning[Lt009]: Inconsistent wchar_t size
            MK60_spi.o and 1 other objects have wchar_t size 16 bits
            Control.o and 56 other objects, some of them in dl7M_tlf.a and 11
                      other libraries have wchar_t size 32 bits


*******************************************************************************
*** RUNTIME MODEL ATTRIBUTES
***

CppFlavor       = *
__SystemLibrary = DLib
__dlib_version  = 6


*******************************************************************************
*** HEAP SELECTION
***

The basic heap was selected because no calls to memory allocation
functions were found in the application outside of system library
functions, and there are calls to deallocation functions in the
application.


*******************************************************************************
*** PLACEMENT SUMMARY
***

"A0":  place at 0x00000000 { ro section .intvec };
"A1":  place at 0x00000410 { ro section .noinit };
define block CodeRelocate { section .textrw_init };
"P1":  place in [from 0x00000000 to 0x00080000] { ro, block CodeRelocate };
define block CodeRelocateRam { section .textrw };
define block CSTACK with size = 4K, alignment = 8 { };
define block HEAP with size = 2K, alignment = 8 { };
"P2":  place in [from 0x1fff0410 to 0x20010000] {
          rw, block CodeRelocateRam, block CSTACK, block HEAP };
initialize manually with packing = copy, complex ranges { section .data };
initialize manually with packing = copy, complex ranges { section .textrw };

  Section              Kind        Address    Size  Object
  -------              ----        -------    ----  ------
"A0":                                        0x410
  .intvec              const    0x00000000   0x410  vectors.o [1]
                              - 0x00000410   0x410

"A1":                                          0x8
  .noinit              ro code  0x00000410     0x8  startup_MK60DZ10.o [1]
                              - 0x00000418     0x8

"P1":                                       0x3e90
  .text                ro code  0x00000418   0xde2  xprintffull_nomb.o [3]
  .text                ro code  0x000011fc    0x16  strchr.o [5]
  .text                ro code  0x00001214    0x44  xfail_s.o [3]
  .text                ro code  0x00001258    0x36  strlen.o [5]
  .text                ro code  0x00001290    0x58  memchr.o [5]
  .text                ro code  0x000012e8   0x22e  I64DivMod.o [5]
  .text                ro code  0x00001518   0x1a2  DblMul.o [4]
  .text                ro code  0x000016bc    0xa6  ABImemcpy.o [5]
  .text                ro code  0x00001764    0x70  frexp.o [4]
  .text                ro code  0x000017d4    0x2e  DblCmpLe.o [4]
  .text                ro code  0x00001804    0x2e  DblCmpGe.o [4]
  .text                ro code  0x00001834   0x13a  ldexp.o [4]
  .text                ro code  0x00001970    0x3a  DblToS32.o [4]
  .text                ro code  0x000019ac    0x22  S32ToDbl.o [4]
  .text                ro code  0x000019d0    0xe2  DblSub.o [4]
  .text                ro code  0x00001ab4   0x246  DblDiv.o [4]
  .text                ro code  0x00001cfc    0x28  DblToU32.o [4]
  .text                ro code  0x00001d24    0x1a  U32ToDbl.o [4]
  .text                ro code  0x00001d40     0xc  xlocale_c.o [3]
  .text                ro code  0x00001d4c     0x6  abort.o [3]
  .text                ro code  0x00001d54     0x2  I64DivZer.o [5]
  .text                ro code  0x00001d58   0x168  DblAdd.o [4]
  .text                ro code  0x00001ec0    0x14  exit.o [6]
  .data_init                    0x00001ed4   0x828  <Block>
    Initializer bytes  const    0x00001ed4   0x828  <for .data-1>
  Veneer               ro code  0x000026fc     0x8  - Linker created -
  .text                ro code  0x00002704   0x3d8  MK60_mcg.o [1]
  .text                ro code  0x00002adc   0x388  MK60_ftm.o [1]
  .text                ro code  0x00002e64    0xbc  MK60_port.o [1]
  Veneer               ro code  0x00002f20     0x8  - Linker created -
  Veneer               ro code  0x00002f28     0x8  - Linker created -
  .text                ro code  0x00002f30   0x178  MK60_conf.o [1]
  .text                ro code  0x000030a8    0x50  VCAN_LED.o [1]
  .text                ro code  0x000030f8    0x28  printf.o [3]
  .text                ro code  0x00003120   0x20c  MK60_PIT.o [1]
  .text                ro code  0x0000332c   0x238  MK60_uart.o [1]
  .text                ro code  0x00003564    0xa8  VCAN_key.o [1]
  .text                ro code  0x0000360c   0x1c0  MK60_gpio.o [1]
  CodeRelocate                  0x000037cc   0x1b4  <Block>
    Initializer bytes  const    0x000037cc   0x1b4  <for CodeRelocateRam-1>
  .text                ro code  0x00003980   0x168  supersonic_wave.o [1]
  .text                ro code  0x00003ae8   0x164  Sweep.o [1]
  .text                ro code  0x00003c4c    0x64  Control.o [1]
  .text                ro code  0x00003cb0   0x118  system_MK60DZ10.o [1]
  .text                ro code  0x00003dc8    0x40  MK60_wdog.o [1]
  .text                ro code  0x00003e08    0x58  main.o [1]
  .text                ro code  0x00003e60    0x50  misc.o [1]
  .text                ro code  0x00003eb0    0xc0  System.o [1]
  .text                ro code  0x00003f70    0x64  MK60_it.o [1]
  .text                ro code  0x00003fd4    0x40  zero_init3.o [5]
  .rodata              const    0x00004014    0x3c  MK60_conf.o [1]
  .rodata              const    0x00004050    0x3c  MK60_flash.o [1]
  .rodata              const    0x0000408c    0x3c  MK60_ftm.o [1]
  .rodata              const    0x000040c8    0x3c  MK60_gpio.o [1]
  .rodata              const    0x00004104    0x3c  MK60_PIT.o [1]
  .rodata              const    0x00004140    0x3c  MK60_uart.o [1]
  .rodata              const    0x0000417c    0x38  misc.o [1]
  .text                ro code  0x000041b4    0x28  data_init.o [5]
  .rodata              const    0x000041dc    0x24  MK60_conf.o [1]
  .iar.init_table      const    0x00004200    0x10  - Linker created -
  .rodata              const    0x00004210    0x20  MK60_conf.o [1]
  .text                ro code  0x00004230    0x1e  cmain.o [5]
  .text                ro code  0x0000424e     0x4  low_level_init.o [3]
  .text                ro code  0x00004252     0x4  exit.o [3]
  .text                ro code  0x00004258     0xa  cexit.o [5]
  .text                ro code  0x00004262    0x16  xprout.o [3]
  .text                ro code  0x00004278     0xc  putchar.o [3]
  .rodata              const    0x00004284    0x14  MK60_conf.o [1]
  .text                ro code  0x00004298     0xc  cstartup_M.o [5]
  .rodata              const    0x000042a4     0x4  xlocale_c.o [3]
  .rodata              const    0x000042a8     0x0  zero_init3.o [5]
                              - 0x000042a8  0x3e90

"P2", part 1 of 2:                           0x9dc
  .data                         0x1fff0410   0x828  <Block>
    .data-1                     0x1fff0410   0x828  <Init block>
      .data            inited   0x1fff0410   0x708  MK60_conf.o [1]
      .data            inited   0x1fff0b18     0xc  MK60_ftm.o [1]
      .data            inited   0x1fff0b24    0x14  MK60_gpio.o [1]
      .data            inited   0x1fff0b38    0x44  MK60_mcg.o [1]
      .data            inited   0x1fff0b7c     0x4  MK60_mcg.o [1]
      .data            inited   0x1fff0b80    0x14  MK60_port.o [1]
      .data            inited   0x1fff0b94    0x18  MK60_uart.o [1]
      .data            inited   0x1fff0bac     0x8  VCAN_key.o [1]
      .data            inited   0x1fff0bb4     0x4  VCAN_LED.o [1]
      .data            inited   0x1fff0bb8    0x48  xfiles.o [3]
      .data            inited   0x1fff0c00    0x38  xlocale_c.o [3]
  CodeRelocateRam               0x1fff0c38   0x1b4  <Block>
    CodeRelocateRam-1           0x1fff0c38   0x1b4  <Init block>
      Veneer           inited   0x1fff0c38     0x8  - Linker created -
      .textrw          inited   0x1fff0c40   0x160  MK60_flash.o [1]
      .textrw          inited   0x1fff0da0    0x4c  MK60_mcg.o [1]
                              - 0x1fff0dec   0x9dc

"P2", part 2 of 2:                            0x90
  .bss                          0x1fff0dec    0x90  <Block>
    .bss               zero     0x1fff0dec     0x4  supersonic_wave.o [1]
    .bss               zero     0x1fff0df0     0x4  supersonic_wave.o [1]
    .bss               zero     0x1fff0df4     0x4  supersonic_wave.o [1]
    .bss               zero     0x1fff0df8     0x4  Sweep.o [1]
    .bss               zero     0x1fff0dfc     0x4  Sweep.o [1]
    .bss               zero     0x1fff0e00     0x4  Sweep.o [1]
    .bss               zero     0x1fff0e04     0x4  Sweep.o [1]
    .bss               zero     0x1fff0e08     0x4  Sweep.o [1]
    .bss               zero     0x1fff0e0c     0x4  Sweep.o [1]
    .bss               zero     0x1fff0e10     0x4  Sweep.o [1]
    .bss               zero     0x1fff0e14     0x4  Sweep.o [1]
    .bss               zero     0x1fff0e18     0x4  Sweep.o [1]
    .bss               zero     0x1fff0e1c     0x4  system_MK60DZ10.o [1]
    .bss               zero     0x1fff0e20     0x4  system_MK60DZ10.o [1]
    .bss               zero     0x1fff0e24     0x4  system_MK60DZ10.o [1]
    .bss               zero     0x1fff0e28    0x50  xfiles.o [3]
    .bss               zero     0x1fff0e78     0x4  xfail_s.o [3]
                              - 0x1fff0e7c    0x90


*******************************************************************************
*** INIT TABLE
***

          Address     Size
          -------     ----
Zero (__iar_zero_init3)
    1 destination range, total size 0x90:
          0x1fff0dec  0x90



*******************************************************************************
*** MODULE SUMMARY
***

    Module              ro code  rw code  ro data  rw data
    ------              -------  -------  -------  -------
D:\学校事务\大创项目\Program\Prj\IAR\Debug\Obj: [1]
    Control.o               100
    MK60_PIT.o              524                60
    MK60_conf.o             376             1 948    1 800
    MK60_flash.o                     352      412
    MK60_ftm.o              904                72       12
    MK60_gpio.o             448                80       20
    MK60_it.o               100
    MK60_mcg.o              984       76      148       72
    MK60_port.o             188                20       20
    MK60_uart.o             568                84       24
    MK60_wdog.o              64
    Sweep.o                 356                         36
    System.o                192
    VCAN_LED.o               80                 4        4
    VCAN_key.o              168                 8        8
    main.o                   88
    misc.o                   80                56
    startup_MK60DZ10.o        8
    supersonic_wave.o       360                         12
    system_MK60DZ10.o       280                         12
    vectors.o                               1 040
    ------------------------------------------------------
    Total:                5 868      428    3 932    2 020

command line: [2]
    ------------------------------------------------------
    Total:

dl7M_tlf.a: [3]
    abort.o                   6
    exit.o                    4
    low_level_init.o          4
    printf.o                 40
    putchar.o                12
    xfail_s.o                68                          4
    xfiles.o                                   72      152
    xlocale_c.o              12                60       56
    xprintffull_nomb.o    3 554
    xprout.o                 22
    ------------------------------------------------------
    Total:                3 722               132      212

m7M_tl.a: [4]
    DblAdd.o                360
    DblCmpGe.o               46
    DblCmpLe.o               46
    DblDiv.o                582
    DblMul.o                418
    DblSub.o                226
    DblToS32.o               58
    DblToU32.o               40
    S32ToDbl.o               34
    U32ToDbl.o               26
    frexp.o                 112
    ldexp.o                 314
    ------------------------------------------------------
    Total:                2 262

rt7M_tl.a: [5]
    ABImemcpy.o             166
    I64DivMod.o             558
    I64DivZer.o               2
    cexit.o                  10
    cmain.o                  30
    cstartup_M.o             12
    data_init.o              40
    memchr.o                 88
    strchr.o                 22
    strlen.o                 54
    zero_init3.o             64
    ------------------------------------------------------
    Total:                1 046

shb_l.a: [6]
    exit.o                   20
    ------------------------------------------------------
    Total:                   20

    Gaps                     34
    Linker created           24        8       24
----------------------------------------------------------
    Grand Total:         12 976      436    4 088    2 232


*******************************************************************************
*** ENTRY LIST
***

Entry                      Address   Size  Type      Object
-----                      -------   ----  ----      ------
.bss$$Base              0x1fff0dec          --   Gb  - Linker created -
.bss$$Limit             0x1fff0e7c          --   Gb  - Linker created -
.data$$Base             0x1fff0410          --   Gb  - Linker created -
.data$$Limit            0x1fff0c38          --   Gb  - Linker created -
.data_init$$Base        0x00001ed4          --   Gb  - Linker created -
.data_init$$Limit       0x000026fc          --   Gb  - Linker created -
.iar.init_table$$Base   0x00004200          --   Gb  - Linker created -
.iar.init_table$$Limit  0x00004210          --   Gb  - Linker created -
?main                   0x00004231         Code  Gb  cmain.o [5]
ASSERT_FAILED_STR       0x000041dc   0x24  Data  Gb  MK60_conf.o [1]
All_Init                0x00003ec7   0x9e  Code  Gb  System.o [1]
CodeRelocate$$Base      0x000037cc          --   Gb  - Linker created -
CodeRelocate$$Limit     0x00003980          --   Gb  - Linker created -
CodeRelocateRam$$Base   0x1fff0c38          --   Gb  - Linker created -
CodeRelocateRam$$Limit  0x1fff0dec          --   Gb  - Linker created -
FTMN                    0x1fff0b18    0xc  Data  Gb  MK60_ftm.o [1]
FTM_PWM_Duty            0x00002d63   0xee  Code  Gb  MK60_ftm.o [1]
FTM_PWM_init            0x00002bf5  0x16e  Code  Gb  MK60_ftm.o [1]
FTM_port_mux            0x00002add  0x118  Code  Lc  MK60_ftm.o [1]
GPIOX                   0x1fff0b24   0x14  Data  Gb  MK60_gpio.o [1]
KEY_PTxn                0x1fff0bac    0x8  Data  Gb  VCAN_key.o [1]
LED_PTxn                0x1fff0bb4    0x4  Data  Gb  VCAN_LED.o [1]
LoadInt                 0x000005b3   0x7a  Code  Lc  xprintffull_nomb.o [3]
MotorCountrol_Out       0x00003c4d   0x64  Code  Gb  Control.o [1]
NVIC_EnableIRQ          0x00003eb1   0x16  Code  Lc  System.o [1]
NVIC_SystemReset        0x00002f31   0x1a  Code  Lc  MK60_conf.o [1]
PIT0_IRQHandler         0x00003f71   0x64  Code  Gb  MK60_it.o [1]
PORTX                   0x1fff0b80   0x14  Data  Gb  MK60_port.o [1]
Region$$Table$$Base     0x00004200          --   Gb  - Linker created -
Region$$Table$$Limit    0x00004210          --   Gb  - Linker created -
Reset_Handler           0x00000411         Code  Gb  startup_MK60DZ10.o [1]
State                   0x1fff0df8    0x4  Data  Gb  Sweep.o [1]
Sweep_Display           0x00003b4f   0x94  Code  Gb  Sweep.o [1]
Sweep_Int               0x00003ae9   0x26  Code  Gb  Sweep.o [1]
Sweep_Position_Date     0x00003bfd   0x1a  Code  Gb  Sweep.o [1]
Sweep_Position_GetDate  0x00003be3   0x1a  Code  Gb  Sweep.o [1]
Sweep_Start             0x00003b0f   0x10  Code  Gb  Sweep.o [1]
Sweep_Stop              0x00003b1f    0xc  Code  Gb  Sweep.o [1]
Sweep_Turn              0x00003b2b   0x24  Code  Gb  Sweep.o [1]
UARTN                   0x1fff0b94   0x18  Data  Gb  MK60_uart.o [1]
_GenldFullNoMb          0x00000f1f  0x250  Code  Lc  xprintffull_nomb.o [3]
_LdtobFullNoMb          0x00000af5  0x3fe  Code  Lc  xprintffull_nomb.o [3]
_LitobFullNoMb          0x0000099d  0x112  Code  Lc  xprintffull_nomb.o [3]
_Locale_lconv           0x1fff0c00   0x38  Data  Lc  xlocale_c.o [3]
_PrintfFullNoMb         0x00000419  0x18c  Code  Gb  xprintffull_nomb.o [3]
_Prout                  0x00004263   0x16  Code  Gb  xprout.o [3]
_PutcharsFullNoMb       0x0000116f   0x2e  Code  Lc  xprintffull_nomb.o [3]
_PutfldFullNoMb         0x0000062d  0x264  Code  Lc  xprintffull_nomb.o [3]
_PuttxtFullNoMb         0x00000891  0x10c  Code  Lc  xprintffull_nomb.o [3]
__BOOT_STACK_ADDRESS {Abs}
                        0x2000fff8         Data  Gb  command line/config [2]
__VECTOR_RAM {Abs}      0x1fff0000         Data  Gb  command line/config [2]
__VECTOR_TABLE {Abs}    0x00000000         Data  Gb  command line/config [2]
__aeabi_cdcmple         0x000017d5         Code  Gb  DblCmpLe.o [4]
__aeabi_cdrcmple        0x00001805         Code  Gb  DblCmpGe.o [4]
__aeabi_d2iz            0x00001971         Code  Gb  DblToS32.o [4]
__aeabi_d2uiz           0x00001cfd         Code  Gb  DblToU32.o [4]
__aeabi_ddiv            0x00001ab5         Code  Gb  DblDiv.o [4]
__aeabi_dmul            0x00001519         Code  Gb  DblMul.o [4]
__aeabi_dsub            0x000019d1         Code  Gb  DblSub.o [4]
__aeabi_i2d             0x000019ad         Code  Gb  S32ToDbl.o [4]
__aeabi_ldiv0           0x00001d55         Code  Gb  I64DivZer.o [5]
__aeabi_memcpy          0x000016bd         Code  Gb  ABImemcpy.o [5]
__aeabi_memcpy4         0x000016dd         Code  Gb  ABImemcpy.o [5]
__aeabi_memcpy8         0x000016dd         Code  Gb  ABImemcpy.o [5]
__aeabi_ui2d            0x00001d25         Code  Gb  U32ToDbl.o [4]
__aeabi_uldivmod        0x000012e9         Code  Gb  I64DivMod.o [5]
__cmain                 0x00004231         Code  Gb  cmain.o [5]
__code_start__ {Abs}    0x00000410         Data  Gb  command line/config [2]
__exit                  0x00001ec1   0x14  Code  Gb  exit.o [6]
__iar_Fail_s            0x00001215   0x1e  Code  Gb  xfail_s.o [3]
__iar_Memchr            0x00001291         Code  Gb  memchr.o [5]
__iar_Stdout            0x1fff0bb8   0x48  Data  Gb  xfiles.o [3]
__iar_Strchr            0x000011fd         Code  Gb  strchr.o [5]
__iar_dadd              0x000019e1         Code  Gb  DblSub.o [4]
__iar_data_init3        0x000041b5   0x28  Code  Gb  data_init.o [5]
__iar_dsub              0x00001d59         Code  Gb  DblAdd.o [4]
__iar_dsubStart         0x00001d6b         Code  Gb  DblAdd.o [4]
__iar_frexp             0x00001771         Code  Gb  frexp.o [4]
__iar_frexp64           0x00001765         Code  Gb  frexp.o [4]
__iar_frexpl            0x00001771         Code  Gb  frexp.o [4]
__iar_ldexp64           0x00001835         Code  Gb  ldexp.o [4]
__iar_program_start     0x00004299         Code  Gb  cstartup_M.o [5]
__iar_scalbln64         0x00001835         Code  Gb  ldexp.o [4]
__iar_scalbn64          0x00001835         Code  Gb  ldexp.o [4]
__iar_systems$$module {Abs}
                        0x00000001         Data  Gb  command line/config [2]
__iar_zero_init3        0x00003fd5   0x40  Code  Gb  zero_init3.o [5]
__low_level_init        0x0000424f    0x4  Code  Gb  low_level_init.o [3]
__vector_table          0x00000000  0x410  Data  Gb  vectors.o [1]
_call_main              0x0000423d         Code  Gb  cmain.o [5]
_exit                   0x00004259         Code  Gb  cexit.o [5]
_main                   0x0000424b         Code  Gb  cmain.o [5]
abort                   0x00001d4d    0x6  Code  Gb  abort.o [3]
assert_failed           0x00002f4b   0x2e  Code  Gb  MK60_conf.o [1]
bus_clk_khz             0x1fff0e24    0x4  Data  Gb  system_MK60DZ10.o [1]
common_startup          0x00003d05   0x8a  Code  Gb  system_MK60DZ10.o [1]
core_clk_khz            0x1fff0e1c    0x4  Data  Gb  system_MK60DZ10.o [1]
core_clk_mhz            0x1fff0e20    0x4  Data  Gb  system_MK60DZ10.o [1]
default_isr             0x00003047   0x3c  Code  Gb  MK60_conf.o [1]
distance1               0x1fff0dec    0x4  Data  Gb  supersonic_wave.o [1]
distance2               0x1fff0df0    0x4  Data  Gb  supersonic_wave.o [1]
distance3               0x1fff0df4    0x4  Data  Gb  supersonic_wave.o [1]
distance_for            0x00003981   0x76  Code  Gb  supersonic_wave.o [1]
distance_left           0x000039f7   0x76  Code  Gb  supersonic_wave.o [1]
distance_right          0x00003a6d   0x76  Code  Gb  supersonic_wave.o [1]
exit                    0x00004253    0x4  Code  Gb  exit.o [3]
flash_cmd               0x1fff0c41   0x20  Code  Gb  MK60_flash.o [1]
flash_erase_sector      0x1fff0c89   0x56  Code  Gb  MK60_flash.o [1]
flash_init              0x1fff0c61   0x28  Code  Gb  MK60_flash.o [1]
flash_write             0x1fff0cdf   0x90  Code  Gb  MK60_flash.o [1]
fputc                   0x00002f79   0x14  Code  Gb  MK60_conf.o [1]
frexp                   0x00001765         Code  Gb  frexp.o [4]
frexpl                  0x00001765         Code  Gb  frexp.o [4]
gpio_get                0x00003783   0x3e  Code  Gb  MK60_gpio.o [1]
gpio_init               0x0000360d   0xbe  Code  Gb  MK60_gpio.o [1]
gpio_set                0x000036cb   0x7c  Code  Gb  MK60_gpio.o [1]
gpio_turn               0x00003747   0x3c  Code  Gb  MK60_gpio.o [1]
key_check               0x000035d1   0x32  Code  Gb  VCAN_key.o [1]
key_get                 0x000035b7   0x1a  Code  Gb  VCAN_key.o [1]
key_init                0x00003565   0x52  Code  Gb  VCAN_key.o [1]
ldexp                   0x00001835         Code  Gb  ldexp.o [4]
ldexpl                  0x00001835         Code  Gb  ldexp.o [4]
led_init                0x000030a9   0x3a  Code  Gb  VCAN_LED.o [1]
led_turn                0x000030e3   0x10  Code  Gb  VCAN_LED.o [1]
localeconv              0x00001d41    0x4  Code  Gb  xlocale_c.o [3]
main                    0x00003e09   0x58  Code  Gb  main.o [1]
mcg_cfg                 0x1fff0b38   0x44  Data  Gb  MK60_mcg.o [1]
mcg_div                 0x1fff0b7c    0x4  Data  Gb  MK60_mcg.o [1]
mcg_div_count           0x00002705  0x30a  Code  Gb  MK60_mcg.o [1]
memchr                  0x00001291         Code  Gb  memchr.o [5]
obuf                    0x1fff0e28   0x50  Data  Lc  xfiles.o [3]
pit_delay               0x0000318d   0xb0  Code  Gb  MK60_PIT.o [1]
pit_init                0x00003121   0x6c  Code  Gb  MK60_PIT.o [1]
pit_time_get            0x000032b7   0x66  Code  Gb  MK60_PIT.o [1]
pit_time_start          0x0000323d   0x7a  Code  Gb  MK60_PIT.o [1]
pll_init                0x00002a0f   0xb2  Code  Gb  MK60_mcg.o [1]
port_init               0x00002e65   0x4a  Code  Gb  MK60_port.o [1]
port_init_NoALT         0x00002eaf   0x6a  Code  Gb  MK60_port.o [1]
position_flag           0x1fff0e00    0x4  Data  Gb  Sweep.o [1]
position_front          0x1fff0e04    0x4  Data  Gb  Sweep.o [1]
position_left           0x1fff0e08    0x4  Data  Gb  Sweep.o [1]
position_right          0x1fff0e0c    0x4  Data  Gb  Sweep.o [1]
position_set_front      0x1fff0e10    0x4  Data  Gb  Sweep.o [1]
position_set_left       0x1fff0e14    0x4  Data  Gb  Sweep.o [1]
position_set_right      0x1fff0e18    0x4  Data  Gb  Sweep.o [1]
printf                  0x000030f9   0x28  Code  Gb  printf.o [3]
putchar                 0x00004279    0xc  Code  Gb  putchar.o [3]
scalbln                 0x00001835         Code  Gb  ldexp.o [4]
scalblnl                0x00001835         Code  Gb  ldexp.o [4]
scalbn                  0x00001835         Code  Gb  ldexp.o [4]
scalbnl                 0x00001835         Code  Gb  ldexp.o [4]
scale                   0x00000aaf   0x46  Code  Lc  xprintffull_nomb.o [3]
sec_hand                0x1fff0e78    0x4  Data  Lc  xfail_s.o [3]
set_sys_dividers        0x1fff0da1   0x4c  Code  Gb  MK60_mcg.o [1]
set_vector_handler      0x00003e83   0x22  Code  Gb  misc.o [1]
start                   0x00003cb1   0x18  Code  Gb  system_MK60DZ10.o [1]
start_check             0x00002f8d   0xba  Code  Gb  MK60_conf.o [1]
strchr                  0x000011fd         Code  Gb  strchr.o [5]
strlen                  0x00001259         Code  Gb  strlen.o [5]
sweep_leave             0x1fff0dfc    0x4  Data  Gb  Sweep.o [1]
sysinit                 0x00003cc9   0x3c  Code  Gb  system_MK60DZ10.o [1]
uart_init               0x0000332d  0x206  Code  Gb  MK60_uart.o [1]
uart_putchar            0x00003533   0x1a  Code  Gb  MK60_uart.o [1]
vector_str              0x1fff0410  0x708  Data  Gb  MK60_conf.o [1]
wdog_disable            0x00003dc9   0x16  Code  Gb  MK60_wdog.o [1]
wdog_unlock             0x00003ddf   0x20  Code  Lc  MK60_wdog.o [1]
write_vtor              0x00003e61   0x22  Code  Gb  misc.o [1]


[1] = D:\学校事务\大创项目\Program\Prj\IAR\Debug\Obj
[2] = command line
[3] = dl7M_tlf.a
[4] = m7M_tl.a
[5] = rt7M_tl.a
[6] = shb_l.a

  12 976 bytes of readonly  code memory
     436 bytes of readwrite code memory
   4 088 bytes of readonly  data memory
   2 232 bytes of readwrite data memory

Errors: none
Warnings: 1
